Archive member included to satisfy reference by file (symbol)

c:/programmieren/atmel studio_7.0/atmel studio_7.0/7.0/toolchain/avr8/avr8-gnu-toolchain/bin/../lib/gcc/avr/5.4.0/avr5\libgcc.a(_divmodhi4.o)
                              obj\Release\Motoransteuerung.o (__divmodhi4)
c:/programmieren/atmel studio_7.0/atmel studio_7.0/7.0/toolchain/avr8/avr8-gnu-toolchain/bin/../lib/gcc/avr/5.4.0/avr5\libgcc.a(_exit.o)
                              c:/programmieren/atmel studio_7.0/atmel studio_7.0/7.0/toolchain/avr8/avr8-gnu-toolchain/bin/../lib/gcc/avr/5.4.0/../../../../avr/lib/avr5/crtatmega32u4.o (exit)
c:/programmieren/atmel studio_7.0/atmel studio_7.0/7.0/toolchain/avr8/avr8-gnu-toolchain/bin/../lib/gcc/avr/5.4.0/avr5\libgcc.a(_clear_bss.o)
                              obj\Release\main.o (__do_clear_bss)
c:/programmieren/atmel studio_7.0/atmel studio_7.0/7.0/toolchain/avr8/avr8-gnu-toolchain/bin/../lib/gcc/avr/5.4.0/avr5\libgcc.a(_udivmodhi4.o)
                              c:/programmieren/atmel studio_7.0/atmel studio_7.0/7.0/toolchain/avr8/avr8-gnu-toolchain/bin/../lib/gcc/avr/5.4.0/avr5\libgcc.a(_divmodhi4.o) (__udivmodhi4)
c:/programmieren/atmel studio_7.0/atmel studio_7.0/7.0/toolchain/avr8/avr8-gnu-toolchain/bin/../lib/gcc/avr/5.4.0/../../../../avr/lib/avr5\libm.a(fixunssfsi.o)
                              obj\Release\Motoransteuerung.o (__fixunssfsi)
c:/programmieren/atmel studio_7.0/atmel studio_7.0/7.0/toolchain/avr8/avr8-gnu-toolchain/bin/../lib/gcc/avr/5.4.0/../../../../avr/lib/avr5\libm.a(floatsisf.o)
                              obj\Release\Motoransteuerung.o (__floatunsisf)
c:/programmieren/atmel studio_7.0/atmel studio_7.0/7.0/toolchain/avr8/avr8-gnu-toolchain/bin/../lib/gcc/avr/5.4.0/../../../../avr/lib/avr5\libm.a(fp_split3.o)
                              c:/programmieren/atmel studio_7.0/atmel studio_7.0/7.0/toolchain/avr8/avr8-gnu-toolchain/bin/../lib/gcc/avr/5.4.0/../../../../avr/lib/avr5\libm.a(fixunssfsi.o) (__fp_splitA)
c:/programmieren/atmel studio_7.0/atmel studio_7.0/7.0/toolchain/avr8/avr8-gnu-toolchain/bin/../lib/gcc/avr/5.4.0/../../../../avr/lib/avr5\libm.a(fp_zero.o)
                              c:/programmieren/atmel studio_7.0/atmel studio_7.0/7.0/toolchain/avr8/avr8-gnu-toolchain/bin/../lib/gcc/avr/5.4.0/../../../../avr/lib/avr5\libm.a(fixunssfsi.o) (__fp_zero)
c:/programmieren/atmel studio_7.0/atmel studio_7.0/7.0/toolchain/avr8/avr8-gnu-toolchain/bin/../lib/gcc/avr/5.4.0/../../../../avr/lib/avr5\libm.a(mulsf3.o)
                              obj\Release\Motoransteuerung.o (__mulsf3)
c:/programmieren/atmel studio_7.0/atmel studio_7.0/7.0/toolchain/avr8/avr8-gnu-toolchain/bin/../lib/gcc/avr/5.4.0/../../../../avr/lib/avr5\libm.a(mulsf3x.o)
                              c:/programmieren/atmel studio_7.0/atmel studio_7.0/7.0/toolchain/avr8/avr8-gnu-toolchain/bin/../lib/gcc/avr/5.4.0/../../../../avr/lib/avr5\libm.a(mulsf3.o) (__mulsf3x)
c:/programmieren/atmel studio_7.0/atmel studio_7.0/7.0/toolchain/avr8/avr8-gnu-toolchain/bin/../lib/gcc/avr/5.4.0/../../../../avr/lib/avr5\libm.a(fp_inf.o)
                              c:/programmieren/atmel studio_7.0/atmel studio_7.0/7.0/toolchain/avr8/avr8-gnu-toolchain/bin/../lib/gcc/avr/5.4.0/../../../../avr/lib/avr5\libm.a(mulsf3x.o) (__fp_inf)
c:/programmieren/atmel studio_7.0/atmel studio_7.0/7.0/toolchain/avr8/avr8-gnu-toolchain/bin/../lib/gcc/avr/5.4.0/../../../../avr/lib/avr5\libm.a(fp_nan.o)
                              c:/programmieren/atmel studio_7.0/atmel studio_7.0/7.0/toolchain/avr8/avr8-gnu-toolchain/bin/../lib/gcc/avr/5.4.0/../../../../avr/lib/avr5\libm.a(mulsf3x.o) (__fp_nan)
c:/programmieren/atmel studio_7.0/atmel studio_7.0/7.0/toolchain/avr8/avr8-gnu-toolchain/bin/../lib/gcc/avr/5.4.0/../../../../avr/lib/avr5\libm.a(fp_pscA.o)
                              c:/programmieren/atmel studio_7.0/atmel studio_7.0/7.0/toolchain/avr8/avr8-gnu-toolchain/bin/../lib/gcc/avr/5.4.0/../../../../avr/lib/avr5\libm.a(mulsf3x.o) (__fp_pscA)
c:/programmieren/atmel studio_7.0/atmel studio_7.0/7.0/toolchain/avr8/avr8-gnu-toolchain/bin/../lib/gcc/avr/5.4.0/../../../../avr/lib/avr5\libm.a(fp_pscB.o)
                              c:/programmieren/atmel studio_7.0/atmel studio_7.0/7.0/toolchain/avr8/avr8-gnu-toolchain/bin/../lib/gcc/avr/5.4.0/../../../../avr/lib/avr5\libm.a(mulsf3x.o) (__fp_pscB)
c:/programmieren/atmel studio_7.0/atmel studio_7.0/7.0/toolchain/avr8/avr8-gnu-toolchain/bin/../lib/gcc/avr/5.4.0/../../../../avr/lib/avr5\libm.a(fp_round.o)
                              c:/programmieren/atmel studio_7.0/atmel studio_7.0/7.0/toolchain/avr8/avr8-gnu-toolchain/bin/../lib/gcc/avr/5.4.0/../../../../avr/lib/avr5\libm.a(mulsf3.o) (__fp_round)
c:/programmieren/atmel studio_7.0/atmel studio_7.0/7.0/toolchain/avr8/avr8-gnu-toolchain/bin/../lib/gcc/avr/5.4.0/../../../../avr/lib/avr5\libc.a(itoa_ncheck.o)
                              obj\Release\Motoransteuerung.o (__itoa_ncheck)
c:/programmieren/atmel studio_7.0/atmel studio_7.0/7.0/toolchain/avr8/avr8-gnu-toolchain/bin/../lib/gcc/avr/5.4.0/../../../../avr/lib/avr5\libc.a(utoa_ncheck.o)
                              c:/programmieren/atmel studio_7.0/atmel studio_7.0/7.0/toolchain/avr8/avr8-gnu-toolchain/bin/../lib/gcc/avr/5.4.0/../../../../avr/lib/avr5\libc.a(itoa_ncheck.o) (__utoa_common)
c:/programmieren/atmel studio_7.0/atmel studio_7.0/7.0/toolchain/avr8/avr8-gnu-toolchain/bin/../lib/gcc/avr/5.4.0/../../../../avr/lib/avr5\libc.a(strrev.o)
                              c:/programmieren/atmel studio_7.0/atmel studio_7.0/7.0/toolchain/avr8/avr8-gnu-toolchain/bin/../lib/gcc/avr/5.4.0/../../../../avr/lib/avr5\libc.a(utoa_ncheck.o) (strrev)

Memory Configuration

Name             Origin             Length             Attributes
text             0x00000000         0x00020000         xr
data             0x00800060         0x0000ffa0         rw !x
eeprom           0x00810000         0x00010000         rw !x
fuse             0x00820000         0x00000003         rw !x
lock             0x00830000         0x00000400         rw !x
signature        0x00840000         0x00000400         rw !x
user_signatures  0x00850000         0x00000400         rw !x
*default*        0x00000000         0xffffffff

Linker script and memory map

Address of section .data set to 0x800100
LOAD c:/programmieren/atmel studio_7.0/atmel studio_7.0/7.0/toolchain/avr8/avr8-gnu-toolchain/bin/../lib/gcc/avr/5.4.0/../../../../avr/lib/avr5/crtatmega32u4.o
LOAD obj\Release\LCD1zeil.o
LOAD obj\Release\main.o
LOAD obj\Release\Motoransteuerung.o
LOAD c:/programmieren/atmel studio_7.0/atmel studio_7.0/7.0/toolchain/avr8/avr8-gnu-toolchain/bin/../lib/gcc/avr/5.4.0/avr5\libgcc.a
LOAD c:/programmieren/atmel studio_7.0/atmel studio_7.0/7.0/toolchain/avr8/avr8-gnu-toolchain/bin/../lib/gcc/avr/5.4.0/../../../../avr/lib/avr5\libm.a
START GROUP
LOAD c:/programmieren/atmel studio_7.0/atmel studio_7.0/7.0/toolchain/avr8/avr8-gnu-toolchain/bin/../lib/gcc/avr/5.4.0/avr5\libgcc.a
LOAD c:/programmieren/atmel studio_7.0/atmel studio_7.0/7.0/toolchain/avr8/avr8-gnu-toolchain/bin/../lib/gcc/avr/5.4.0/../../../../avr/lib/avr5\libm.a
LOAD c:/programmieren/atmel studio_7.0/atmel studio_7.0/7.0/toolchain/avr8/avr8-gnu-toolchain/bin/../lib/gcc/avr/5.4.0/../../../../avr/lib/avr5\libc.a
LOAD c:/programmieren/atmel studio_7.0/atmel studio_7.0/7.0/toolchain/avr8/avr8-gnu-toolchain/bin/../lib/gcc/avr/5.4.0/../../../../avr/lib/avr5\libatmega32u4.a
END GROUP
                0x00020000                __TEXT_REGION_LENGTH__ = DEFINED (__TEXT_REGION_LENGTH__)?__TEXT_REGION_LENGTH__:0x20000
                0x0000ffa0                __DATA_REGION_LENGTH__ = DEFINED (__DATA_REGION_LENGTH__)?__DATA_REGION_LENGTH__:0xffa0
                0x00010000                __EEPROM_REGION_LENGTH__ = DEFINED (__EEPROM_REGION_LENGTH__)?__EEPROM_REGION_LENGTH__:0x10000
                [0x00000003]                __FUSE_REGION_LENGTH__ = DEFINED (__FUSE_REGION_LENGTH__)?__FUSE_REGION_LENGTH__:0x400
                0x00000400                __LOCK_REGION_LENGTH__ = DEFINED (__LOCK_REGION_LENGTH__)?__LOCK_REGION_LENGTH__:0x400
                0x00000400                __SIGNATURE_REGION_LENGTH__ = DEFINED (__SIGNATURE_REGION_LENGTH__)?__SIGNATURE_REGION_LENGTH__:0x400
                0x00000400                __USER_SIGNATURE_REGION_LENGTH__ = DEFINED (__USER_SIGNATURE_REGION_LENGTH__)?__USER_SIGNATURE_REGION_LENGTH__:0x400

.hash
 *(.hash)

.dynsym
 *(.dynsym)

.dynstr
 *(.dynstr)

.gnu.version
 *(.gnu.version)

.gnu.version_d
 *(.gnu.version_d)

.gnu.version_r
 *(.gnu.version_r)

.rel.init
 *(.rel.init)

.rela.init
 *(.rela.init)

.rel.text
 *(.rel.text)
 *(.rel.text.*)
 *(.rel.gnu.linkonce.t*)

.rela.text
 *(.rela.text)
 *(.rela.text.*)
 *(.rela.gnu.linkonce.t*)

.rel.fini
 *(.rel.fini)

.rela.fini
 *(.rela.fini)

.rel.rodata
 *(.rel.rodata)
 *(.rel.rodata.*)
 *(.rel.gnu.linkonce.r*)

.rela.rodata
 *(.rela.rodata)
 *(.rela.rodata.*)
 *(.rela.gnu.linkonce.r*)

.rel.data
 *(.rel.data)
 *(.rel.data.*)
 *(.rel.gnu.linkonce.d*)

.rela.data
 *(.rela.data)
 *(.rela.data.*)
 *(.rela.gnu.linkonce.d*)

.rel.ctors
 *(.rel.ctors)

.rela.ctors
 *(.rela.ctors)

.rel.dtors
 *(.rel.dtors)

.rela.dtors
 *(.rela.dtors)

.rel.got
 *(.rel.got)

.rela.got
 *(.rela.got)

.rel.bss
 *(.rel.bss)

.rela.bss
 *(.rela.bss)

.rel.plt
 *(.rel.plt)

.rela.plt
 *(.rela.plt)

.text           0x00000000      0xb08
 *(.vectors)
 .vectors       0x00000000       0xac c:/programmieren/atmel studio_7.0/atmel studio_7.0/7.0/toolchain/avr8/avr8-gnu-toolchain/bin/../lib/gcc/avr/5.4.0/../../../../avr/lib/avr5/crtatmega32u4.o
                0x00000000                __vector_default
                0x00000000                __vectors
 *(.vectors)
 *(.progmem.gcc*)
                0x000000ac                . = ALIGN (0x2)
                0x000000ac                __trampolines_start = .
 *(.trampolines)
 .trampolines   0x000000ac        0x0 linker stubs
 *(.trampolines*)
                0x000000ac                __trampolines_end = .
 *libprintf_flt.a:*(.progmem.data)
 *libc.a:*(.progmem.data)
 *(.progmem*)
                0x000000ac                . = ALIGN (0x2)
 *(.jumptables)
 *(.jumptables*)
 *(.lowtext)
 *(.lowtext*)
                0x000000ac                __ctors_start = .
 *(.ctors)
                0x000000ac                __ctors_end = .
                0x000000ac                __dtors_start = .
 *(.dtors)
                0x000000ac                __dtors_end = .
 SORT(*)(.ctors)
 SORT(*)(.dtors)
 *(.init0)
 .init0         0x000000ac        0x0 c:/programmieren/atmel studio_7.0/atmel studio_7.0/7.0/toolchain/avr8/avr8-gnu-toolchain/bin/../lib/gcc/avr/5.4.0/../../../../avr/lib/avr5/crtatmega32u4.o
                0x000000ac                __init
 *(.init0)
 *(.init1)
 *(.init1)
 *(.init2)
 .init2         0x000000ac        0xc c:/programmieren/atmel studio_7.0/atmel studio_7.0/7.0/toolchain/avr8/avr8-gnu-toolchain/bin/../lib/gcc/avr/5.4.0/../../../../avr/lib/avr5/crtatmega32u4.o
 *(.init2)
 *(.init3)
 *(.init3)
 *(.init4)
 .init4         0x000000b8       0x10 c:/programmieren/atmel studio_7.0/atmel studio_7.0/7.0/toolchain/avr8/avr8-gnu-toolchain/bin/../lib/gcc/avr/5.4.0/avr5\libgcc.a(_clear_bss.o)
                0x000000b8                __do_clear_bss
 *(.init4)
 *(.init5)
 *(.init5)
 *(.init6)
 *(.init6)
 *(.init7)
 *(.init7)
 *(.init8)
 *(.init8)
 *(.init9)
 .init9         0x000000c8        0x8 c:/programmieren/atmel studio_7.0/atmel studio_7.0/7.0/toolchain/avr8/avr8-gnu-toolchain/bin/../lib/gcc/avr/5.4.0/../../../../avr/lib/avr5/crtatmega32u4.o
 *(.init9)
 *(.text)
 .text          0x000000d0        0x4 c:/programmieren/atmel studio_7.0/atmel studio_7.0/7.0/toolchain/avr8/avr8-gnu-toolchain/bin/../lib/gcc/avr/5.4.0/../../../../avr/lib/avr5/crtatmega32u4.o
                0x000000d0                __vector_38
                0x000000d0                __vector_22
                0x000000d0                __vector_28
                0x000000d0                __vector_32
                0x000000d0                __vector_34
                0x000000d0                __vector_24
                0x000000d0                __vector_12
                0x000000d0                __bad_interrupt
                0x000000d0                __vector_6
                0x000000d0                __vector_31
                0x000000d0                __vector_35
                0x000000d0                __vector_39
                0x000000d0                __vector_30
                0x000000d0                __vector_25
                0x000000d0                __vector_11
                0x000000d0                __vector_13
                0x000000d0                __vector_17
                0x000000d0                __vector_19
                0x000000d0                __vector_7
                0x000000d0                __vector_41
                0x000000d0                __vector_27
                0x000000d0                __vector_5
                0x000000d0                __vector_33
                0x000000d0                __vector_37
                0x000000d0                __vector_9
                0x000000d0                __vector_21
                0x000000d0                __vector_15
                0x000000d0                __vector_36
                0x000000d0                __vector_29
                0x000000d0                __vector_40
                0x000000d0                __vector_8
                0x000000d0                __vector_26
                0x000000d0                __vector_14
                0x000000d0                __vector_10
                0x000000d0                __vector_16
                0x000000d0                __vector_18
                0x000000d0                __vector_20
 .text          0x000000d4      0x20a obj\Release\LCD1zeil.o
                0x000000d4                delay_ms
                0x000000f2                Enable
                0x00000106                Enable2
                0x00000124                Enable3
                0x00000138                LCD_init
                0x00000200                LCD_send
                0x00000260                LCD_cmd
                0x000002c0                LCD_string
                0x000002d8                LCD_secCursor
 .text          0x000002de      0x26c obj\Release\main.o
                0x000002de                __vector_42
                0x00000306                __vector_1
                0x00000356                __vector_2
                0x000003a8                __vector_3
                0x00000402                __vector_4
                0x00000454                __vector_23
 .text          0x0000054a      0x242 obj\Release\Motoransteuerung.o
                0x0000054a                allinit
                0x0000064a                RechteDrehzahlmessung
                0x00000712                LCDAusgabe
 .text          0x0000078c        0x0 c:/programmieren/atmel studio_7.0/atmel studio_7.0/7.0/toolchain/avr8/avr8-gnu-toolchain/bin/../lib/gcc/avr/5.4.0/avr5\libgcc.a(_divmodhi4.o)
 .text          0x0000078c        0x0 c:/programmieren/atmel studio_7.0/atmel studio_7.0/7.0/toolchain/avr8/avr8-gnu-toolchain/bin/../lib/gcc/avr/5.4.0/avr5\libgcc.a(_exit.o)
 .text          0x0000078c        0x0 c:/programmieren/atmel studio_7.0/atmel studio_7.0/7.0/toolchain/avr8/avr8-gnu-toolchain/bin/../lib/gcc/avr/5.4.0/avr5\libgcc.a(_clear_bss.o)
 .text          0x0000078c        0x0 c:/programmieren/atmel studio_7.0/atmel studio_7.0/7.0/toolchain/avr8/avr8-gnu-toolchain/bin/../lib/gcc/avr/5.4.0/avr5\libgcc.a(_udivmodhi4.o)
 .text          0x0000078c        0x0 c:/programmieren/atmel studio_7.0/atmel studio_7.0/7.0/toolchain/avr8/avr8-gnu-toolchain/bin/../lib/gcc/avr/5.4.0/../../../../avr/lib/avr5\libm.a(fixunssfsi.o)
 .text          0x0000078c        0x0 c:/programmieren/atmel studio_7.0/atmel studio_7.0/7.0/toolchain/avr8/avr8-gnu-toolchain/bin/../lib/gcc/avr/5.4.0/../../../../avr/lib/avr5\libm.a(floatsisf.o)
 .text          0x0000078c        0x0 c:/programmieren/atmel studio_7.0/atmel studio_7.0/7.0/toolchain/avr8/avr8-gnu-toolchain/bin/../lib/gcc/avr/5.4.0/../../../../avr/lib/avr5\libm.a(fp_split3.o)
 .text          0x0000078c        0x0 c:/programmieren/atmel studio_7.0/atmel studio_7.0/7.0/toolchain/avr8/avr8-gnu-toolchain/bin/../lib/gcc/avr/5.4.0/../../../../avr/lib/avr5\libm.a(fp_zero.o)
 .text          0x0000078c        0x0 c:/programmieren/atmel studio_7.0/atmel studio_7.0/7.0/toolchain/avr8/avr8-gnu-toolchain/bin/../lib/gcc/avr/5.4.0/../../../../avr/lib/avr5\libm.a(mulsf3.o)
 .text          0x0000078c        0x0 c:/programmieren/atmel studio_7.0/atmel studio_7.0/7.0/toolchain/avr8/avr8-gnu-toolchain/bin/../lib/gcc/avr/5.4.0/../../../../avr/lib/avr5\libm.a(mulsf3x.o)
 .text          0x0000078c        0x0 c:/programmieren/atmel studio_7.0/atmel studio_7.0/7.0/toolchain/avr8/avr8-gnu-toolchain/bin/../lib/gcc/avr/5.4.0/../../../../avr/lib/avr5\libm.a(fp_inf.o)
 .text          0x0000078c        0x0 c:/programmieren/atmel studio_7.0/atmel studio_7.0/7.0/toolchain/avr8/avr8-gnu-toolchain/bin/../lib/gcc/avr/5.4.0/../../../../avr/lib/avr5\libm.a(fp_nan.o)
 .text          0x0000078c        0x0 c:/programmieren/atmel studio_7.0/atmel studio_7.0/7.0/toolchain/avr8/avr8-gnu-toolchain/bin/../lib/gcc/avr/5.4.0/../../../../avr/lib/avr5\libm.a(fp_pscA.o)
 .text          0x0000078c        0x0 c:/programmieren/atmel studio_7.0/atmel studio_7.0/7.0/toolchain/avr8/avr8-gnu-toolchain/bin/../lib/gcc/avr/5.4.0/../../../../avr/lib/avr5\libm.a(fp_pscB.o)
 .text          0x0000078c        0x0 c:/programmieren/atmel studio_7.0/atmel studio_7.0/7.0/toolchain/avr8/avr8-gnu-toolchain/bin/../lib/gcc/avr/5.4.0/../../../../avr/lib/avr5\libm.a(fp_round.o)
 .text          0x0000078c        0x0 c:/programmieren/atmel studio_7.0/atmel studio_7.0/7.0/toolchain/avr8/avr8-gnu-toolchain/bin/../lib/gcc/avr/5.4.0/../../../../avr/lib/avr5\libc.a(itoa_ncheck.o)
 .text          0x0000078c        0x0 c:/programmieren/atmel studio_7.0/atmel studio_7.0/7.0/toolchain/avr8/avr8-gnu-toolchain/bin/../lib/gcc/avr/5.4.0/../../../../avr/lib/avr5\libc.a(utoa_ncheck.o)
 .text          0x0000078c        0x0 c:/programmieren/atmel studio_7.0/atmel studio_7.0/7.0/toolchain/avr8/avr8-gnu-toolchain/bin/../lib/gcc/avr/5.4.0/../../../../avr/lib/avr5\libc.a(strrev.o)
                0x0000078c                . = ALIGN (0x2)
 *(.text.*)
 .text.startup  0x0000078c       0x6a obj\Release\main.o
                0x0000078c                main
 .text.libgcc.mul
                0x000007f6        0x0 c:/programmieren/atmel studio_7.0/atmel studio_7.0/7.0/toolchain/avr8/avr8-gnu-toolchain/bin/../lib/gcc/avr/5.4.0/avr5\libgcc.a(_divmodhi4.o)
 .text.libgcc.div
                0x000007f6       0x28 c:/programmieren/atmel studio_7.0/atmel studio_7.0/7.0/toolchain/avr8/avr8-gnu-toolchain/bin/../lib/gcc/avr/5.4.0/avr5\libgcc.a(_divmodhi4.o)
                0x000007f6                _div
                0x000007f6                __divmodhi4
 .text.libgcc   0x0000081e        0x0 c:/programmieren/atmel studio_7.0/atmel studio_7.0/7.0/toolchain/avr8/avr8-gnu-toolchain/bin/../lib/gcc/avr/5.4.0/avr5\libgcc.a(_divmodhi4.o)
 .text.libgcc.prologue
                0x0000081e        0x0 c:/programmieren/atmel studio_7.0/atmel studio_7.0/7.0/toolchain/avr8/avr8-gnu-toolchain/bin/../lib/gcc/avr/5.4.0/avr5\libgcc.a(_divmodhi4.o)
 .text.libgcc.builtins
                0x0000081e        0x0 c:/programmieren/atmel studio_7.0/atmel studio_7.0/7.0/toolchain/avr8/avr8-gnu-toolchain/bin/../lib/gcc/avr/5.4.0/avr5\libgcc.a(_divmodhi4.o)
 .text.libgcc.fmul
                0x0000081e        0x0 c:/programmieren/atmel studio_7.0/atmel studio_7.0/7.0/toolchain/avr8/avr8-gnu-toolchain/bin/../lib/gcc/avr/5.4.0/avr5\libgcc.a(_divmodhi4.o)
 .text.libgcc.fixed
                0x0000081e        0x0 c:/programmieren/atmel studio_7.0/atmel studio_7.0/7.0/toolchain/avr8/avr8-gnu-toolchain/bin/../lib/gcc/avr/5.4.0/avr5\libgcc.a(_divmodhi4.o)
 .text.libgcc.mul
                0x0000081e        0x0 c:/programmieren/atmel studio_7.0/atmel studio_7.0/7.0/toolchain/avr8/avr8-gnu-toolchain/bin/../lib/gcc/avr/5.4.0/avr5\libgcc.a(_exit.o)
 .text.libgcc.div
                0x0000081e        0x0 c:/programmieren/atmel studio_7.0/atmel studio_7.0/7.0/toolchain/avr8/avr8-gnu-toolchain/bin/../lib/gcc/avr/5.4.0/avr5\libgcc.a(_exit.o)
 .text.libgcc   0x0000081e        0x0 c:/programmieren/atmel studio_7.0/atmel studio_7.0/7.0/toolchain/avr8/avr8-gnu-toolchain/bin/../lib/gcc/avr/5.4.0/avr5\libgcc.a(_exit.o)
 .text.libgcc.prologue
                0x0000081e        0x0 c:/programmieren/atmel studio_7.0/atmel studio_7.0/7.0/toolchain/avr8/avr8-gnu-toolchain/bin/../lib/gcc/avr/5.4.0/avr5\libgcc.a(_exit.o)
 .text.libgcc.builtins
                0x0000081e        0x0 c:/programmieren/atmel studio_7.0/atmel studio_7.0/7.0/toolchain/avr8/avr8-gnu-toolchain/bin/../lib/gcc/avr/5.4.0/avr5\libgcc.a(_exit.o)
 .text.libgcc.fmul
                0x0000081e        0x0 c:/programmieren/atmel studio_7.0/atmel studio_7.0/7.0/toolchain/avr8/avr8-gnu-toolchain/bin/../lib/gcc/avr/5.4.0/avr5\libgcc.a(_exit.o)
 .text.libgcc.fixed
                0x0000081e        0x0 c:/programmieren/atmel studio_7.0/atmel studio_7.0/7.0/toolchain/avr8/avr8-gnu-toolchain/bin/../lib/gcc/avr/5.4.0/avr5\libgcc.a(_exit.o)
 .text.libgcc.mul
                0x0000081e        0x0 c:/programmieren/atmel studio_7.0/atmel studio_7.0/7.0/toolchain/avr8/avr8-gnu-toolchain/bin/../lib/gcc/avr/5.4.0/avr5\libgcc.a(_clear_bss.o)
 .text.libgcc.div
                0x0000081e        0x0 c:/programmieren/atmel studio_7.0/atmel studio_7.0/7.0/toolchain/avr8/avr8-gnu-toolchain/bin/../lib/gcc/avr/5.4.0/avr5\libgcc.a(_clear_bss.o)
 .text.libgcc   0x0000081e        0x0 c:/programmieren/atmel studio_7.0/atmel studio_7.0/7.0/toolchain/avr8/avr8-gnu-toolchain/bin/../lib/gcc/avr/5.4.0/avr5\libgcc.a(_clear_bss.o)
 .text.libgcc.prologue
                0x0000081e        0x0 c:/programmieren/atmel studio_7.0/atmel studio_7.0/7.0/toolchain/avr8/avr8-gnu-toolchain/bin/../lib/gcc/avr/5.4.0/avr5\libgcc.a(_clear_bss.o)
 .text.libgcc.builtins
                0x0000081e        0x0 c:/programmieren/atmel studio_7.0/atmel studio_7.0/7.0/toolchain/avr8/avr8-gnu-toolchain/bin/../lib/gcc/avr/5.4.0/avr5\libgcc.a(_clear_bss.o)
 .text.libgcc.fmul
                0x0000081e        0x0 c:/programmieren/atmel studio_7.0/atmel studio_7.0/7.0/toolchain/avr8/avr8-gnu-toolchain/bin/../lib/gcc/avr/5.4.0/avr5\libgcc.a(_clear_bss.o)
 .text.libgcc.fixed
                0x0000081e        0x0 c:/programmieren/atmel studio_7.0/atmel studio_7.0/7.0/toolchain/avr8/avr8-gnu-toolchain/bin/../lib/gcc/avr/5.4.0/avr5\libgcc.a(_clear_bss.o)
 .text.libgcc.mul
                0x0000081e        0x0 c:/programmieren/atmel studio_7.0/atmel studio_7.0/7.0/toolchain/avr8/avr8-gnu-toolchain/bin/../lib/gcc/avr/5.4.0/avr5\libgcc.a(_udivmodhi4.o)
 .text.libgcc.div
                0x0000081e       0x28 c:/programmieren/atmel studio_7.0/atmel studio_7.0/7.0/toolchain/avr8/avr8-gnu-toolchain/bin/../lib/gcc/avr/5.4.0/avr5\libgcc.a(_udivmodhi4.o)
                0x0000081e                __udivmodhi4
 .text.libgcc   0x00000846        0x0 c:/programmieren/atmel studio_7.0/atmel studio_7.0/7.0/toolchain/avr8/avr8-gnu-toolchain/bin/../lib/gcc/avr/5.4.0/avr5\libgcc.a(_udivmodhi4.o)
 .text.libgcc.prologue
                0x00000846        0x0 c:/programmieren/atmel studio_7.0/atmel studio_7.0/7.0/toolchain/avr8/avr8-gnu-toolchain/bin/../lib/gcc/avr/5.4.0/avr5\libgcc.a(_udivmodhi4.o)
 .text.libgcc.builtins
                0x00000846        0x0 c:/programmieren/atmel studio_7.0/atmel studio_7.0/7.0/toolchain/avr8/avr8-gnu-toolchain/bin/../lib/gcc/avr/5.4.0/avr5\libgcc.a(_udivmodhi4.o)
 .text.libgcc.fmul
                0x00000846        0x0 c:/programmieren/atmel studio_7.0/atmel studio_7.0/7.0/toolchain/avr8/avr8-gnu-toolchain/bin/../lib/gcc/avr/5.4.0/avr5\libgcc.a(_udivmodhi4.o)
 .text.libgcc.fixed
                0x00000846        0x0 c:/programmieren/atmel studio_7.0/atmel studio_7.0/7.0/toolchain/avr8/avr8-gnu-toolchain/bin/../lib/gcc/avr/5.4.0/avr5\libgcc.a(_udivmodhi4.o)
 .text.avr-libc.fplib
                0x00000846       0x5e c:/programmieren/atmel studio_7.0/atmel studio_7.0/7.0/toolchain/avr8/avr8-gnu-toolchain/bin/../lib/gcc/avr/5.4.0/../../../../avr/lib/avr5\libm.a(fixunssfsi.o)
                0x00000846                __fixunssfsi
 .text.avr-libc.fplib
                0x000008a4       0x7a c:/programmieren/atmel studio_7.0/atmel studio_7.0/7.0/toolchain/avr8/avr8-gnu-toolchain/bin/../lib/gcc/avr/5.4.0/../../../../avr/lib/avr5\libm.a(floatsisf.o)
                0x000008a4                __floatunsisf
                0x000008a8                __floatsisf
 .text.avr-libc.fplib
                0x0000091e       0x44 c:/programmieren/atmel studio_7.0/atmel studio_7.0/7.0/toolchain/avr8/avr8-gnu-toolchain/bin/../lib/gcc/avr/5.4.0/../../../../avr/lib/avr5\libm.a(fp_split3.o)
                0x0000091e                __fp_split3
                0x0000092e                __fp_splitA
 .text.avr-libc.fplib
                0x00000962        0xe c:/programmieren/atmel studio_7.0/atmel studio_7.0/7.0/toolchain/avr8/avr8-gnu-toolchain/bin/../lib/gcc/avr/5.4.0/../../../../avr/lib/avr5\libm.a(fp_zero.o)
                0x00000962                __fp_zero
                0x00000964                __fp_szero
 .text.avr-libc.fplib
                0x00000970        0x8 c:/programmieren/atmel studio_7.0/atmel studio_7.0/7.0/toolchain/avr8/avr8-gnu-toolchain/bin/../lib/gcc/avr/5.4.0/../../../../avr/lib/avr5\libm.a(mulsf3.o)
                0x00000970                __mulsf3
 .text.avr-libc.fplib
                0x00000978       0xd2 c:/programmieren/atmel studio_7.0/atmel studio_7.0/7.0/toolchain/avr8/avr8-gnu-toolchain/bin/../lib/gcc/avr/5.4.0/../../../../avr/lib/avr5\libm.a(mulsf3x.o)
                0x00000996                __mulsf3x
                0x0000099c                __mulsf3_pse
 .text.avr-libc.fplib
                0x00000a4a        0xc c:/programmieren/atmel studio_7.0/atmel studio_7.0/7.0/toolchain/avr8/avr8-gnu-toolchain/bin/../lib/gcc/avr/5.4.0/../../../../avr/lib/avr5\libm.a(fp_inf.o)
                0x00000a4a                __fp_inf
 .text.avr-libc.fplib
                0x00000a56        0x6 c:/programmieren/atmel studio_7.0/atmel studio_7.0/7.0/toolchain/avr8/avr8-gnu-toolchain/bin/../lib/gcc/avr/5.4.0/../../../../avr/lib/avr5\libm.a(fp_nan.o)
                0x00000a56                __fp_nan
 .text.avr-libc.fplib
                0x00000a5c        0xe c:/programmieren/atmel studio_7.0/atmel studio_7.0/7.0/toolchain/avr8/avr8-gnu-toolchain/bin/../lib/gcc/avr/5.4.0/../../../../avr/lib/avr5\libm.a(fp_pscA.o)
                0x00000a5c                __fp_pscA
 .text.avr-libc.fplib
                0x00000a6a        0xe c:/programmieren/atmel studio_7.0/atmel studio_7.0/7.0/toolchain/avr8/avr8-gnu-toolchain/bin/../lib/gcc/avr/5.4.0/../../../../avr/lib/avr5\libm.a(fp_pscB.o)
                0x00000a6a                __fp_pscB
 .text.avr-libc.fplib
                0x00000a78       0x22 c:/programmieren/atmel studio_7.0/atmel studio_7.0/7.0/toolchain/avr8/avr8-gnu-toolchain/bin/../lib/gcc/avr/5.4.0/../../../../avr/lib/avr5\libm.a(fp_round.o)
                0x00000a78                __fp_round
 .text.avr-libc
                0x00000a9a       0x16 c:/programmieren/atmel studio_7.0/atmel studio_7.0/7.0/toolchain/avr8/avr8-gnu-toolchain/bin/../lib/gcc/avr/5.4.0/../../../../avr/lib/avr5\libc.a(itoa_ncheck.o)
                0x00000a9a                __itoa_ncheck
 .text.avr-libc
                0x00000ab0       0x34 c:/programmieren/atmel studio_7.0/atmel studio_7.0/7.0/toolchain/avr8/avr8-gnu-toolchain/bin/../lib/gcc/avr/5.4.0/../../../../avr/lib/avr5\libc.a(utoa_ncheck.o)
                0x00000ab0                __utoa_ncheck
                0x00000ab2                __utoa_common
 .text.avr-libc
                0x00000ae4       0x20 c:/programmieren/atmel studio_7.0/atmel studio_7.0/7.0/toolchain/avr8/avr8-gnu-toolchain/bin/../lib/gcc/avr/5.4.0/../../../../avr/lib/avr5\libc.a(strrev.o)
                0x00000ae4                strrev
                0x00000b04                . = ALIGN (0x2)
 *(.fini9)
 .fini9         0x00000b04        0x0 c:/programmieren/atmel studio_7.0/atmel studio_7.0/7.0/toolchain/avr8/avr8-gnu-toolchain/bin/../lib/gcc/avr/5.4.0/avr5\libgcc.a(_exit.o)
                0x00000b04                _exit
                0x00000b04                exit
 *(.fini9)
 *(.fini8)
 *(.fini8)
 *(.fini7)
 *(.fini7)
 *(.fini6)
 *(.fini6)
 *(.fini5)
 *(.fini5)
 *(.fini4)
 *(.fini4)
 *(.fini3)
 *(.fini3)
 *(.fini2)
 *(.fini2)
 *(.fini1)
 *(.fini1)
 *(.fini0)
 .fini0         0x00000b04        0x4 c:/programmieren/atmel studio_7.0/atmel studio_7.0/7.0/toolchain/avr8/avr8-gnu-toolchain/bin/../lib/gcc/avr/5.4.0/avr5\libgcc.a(_exit.o)
 *(.fini0)
                0x00000b08                _etext = .

.data           0x00800100        0x0 load address 0x00000b08
                [!provide]                PROVIDE (__data_start, .)
 *(.data)
 .data          0x00800100        0x0 c:/programmieren/atmel studio_7.0/atmel studio_7.0/7.0/toolchain/avr8/avr8-gnu-toolchain/bin/../lib/gcc/avr/5.4.0/../../../../avr/lib/avr5/crtatmega32u4.o
 .data          0x00800100        0x0 obj\Release\LCD1zeil.o
 .data          0x00800100        0x0 obj\Release\main.o
 .data          0x00800100        0x0 obj\Release\Motoransteuerung.o
 .data          0x00800100        0x0 c:/programmieren/atmel studio_7.0/atmel studio_7.0/7.0/toolchain/avr8/avr8-gnu-toolchain/bin/../lib/gcc/avr/5.4.0/avr5\libgcc.a(_divmodhi4.o)
 .data          0x00800100        0x0 c:/programmieren/atmel studio_7.0/atmel studio_7.0/7.0/toolchain/avr8/avr8-gnu-toolchain/bin/../lib/gcc/avr/5.4.0/avr5\libgcc.a(_exit.o)
 .data          0x00800100        0x0 c:/programmieren/atmel studio_7.0/atmel studio_7.0/7.0/toolchain/avr8/avr8-gnu-toolchain/bin/../lib/gcc/avr/5.4.0/avr5\libgcc.a(_clear_bss.o)
 .data          0x00800100        0x0 c:/programmieren/atmel studio_7.0/atmel studio_7.0/7.0/toolchain/avr8/avr8-gnu-toolchain/bin/../lib/gcc/avr/5.4.0/avr5\libgcc.a(_udivmodhi4.o)
 .data          0x00800100        0x0 c:/programmieren/atmel studio_7.0/atmel studio_7.0/7.0/toolchain/avr8/avr8-gnu-toolchain/bin/../lib/gcc/avr/5.4.0/../../../../avr/lib/avr5\libm.a(fixunssfsi.o)
 .data          0x00800100        0x0 c:/programmieren/atmel studio_7.0/atmel studio_7.0/7.0/toolchain/avr8/avr8-gnu-toolchain/bin/../lib/gcc/avr/5.4.0/../../../../avr/lib/avr5\libm.a(floatsisf.o)
 .data          0x00800100        0x0 c:/programmieren/atmel studio_7.0/atmel studio_7.0/7.0/toolchain/avr8/avr8-gnu-toolchain/bin/../lib/gcc/avr/5.4.0/../../../../avr/lib/avr5\libm.a(fp_split3.o)
 .data          0x00800100        0x0 c:/programmieren/atmel studio_7.0/atmel studio_7.0/7.0/toolchain/avr8/avr8-gnu-toolchain/bin/../lib/gcc/avr/5.4.0/../../../../avr/lib/avr5\libm.a(fp_zero.o)
 .data          0x00800100        0x0 c:/programmieren/atmel studio_7.0/atmel studio_7.0/7.0/toolchain/avr8/avr8-gnu-toolchain/bin/../lib/gcc/avr/5.4.0/../../../../avr/lib/avr5\libm.a(mulsf3.o)
 .data          0x00800100        0x0 c:/programmieren/atmel studio_7.0/atmel studio_7.0/7.0/toolchain/avr8/avr8-gnu-toolchain/bin/../lib/gcc/avr/5.4.0/../../../../avr/lib/avr5\libm.a(mulsf3x.o)
 .data          0x00800100        0x0 c:/programmieren/atmel studio_7.0/atmel studio_7.0/7.0/toolchain/avr8/avr8-gnu-toolchain/bin/../lib/gcc/avr/5.4.0/../../../../avr/lib/avr5\libm.a(fp_inf.o)
 .data          0x00800100        0x0 c:/programmieren/atmel studio_7.0/atmel studio_7.0/7.0/toolchain/avr8/avr8-gnu-toolchain/bin/../lib/gcc/avr/5.4.0/../../../../avr/lib/avr5\libm.a(fp_nan.o)
 .data          0x00800100        0x0 c:/programmieren/atmel studio_7.0/atmel studio_7.0/7.0/toolchain/avr8/avr8-gnu-toolchain/bin/../lib/gcc/avr/5.4.0/../../../../avr/lib/avr5\libm.a(fp_pscA.o)
 .data          0x00800100        0x0 c:/programmieren/atmel studio_7.0/atmel studio_7.0/7.0/toolchain/avr8/avr8-gnu-toolchain/bin/../lib/gcc/avr/5.4.0/../../../../avr/lib/avr5\libm.a(fp_pscB.o)
 .data          0x00800100        0x0 c:/programmieren/atmel studio_7.0/atmel studio_7.0/7.0/toolchain/avr8/avr8-gnu-toolchain/bin/../lib/gcc/avr/5.4.0/../../../../avr/lib/avr5\libm.a(fp_round.o)
 .data          0x00800100        0x0 c:/programmieren/atmel studio_7.0/atmel studio_7.0/7.0/toolchain/avr8/avr8-gnu-toolchain/bin/../lib/gcc/avr/5.4.0/../../../../avr/lib/avr5\libc.a(itoa_ncheck.o)
 .data          0x00800100        0x0 c:/programmieren/atmel studio_7.0/atmel studio_7.0/7.0/toolchain/avr8/avr8-gnu-toolchain/bin/../lib/gcc/avr/5.4.0/../../../../avr/lib/avr5\libc.a(utoa_ncheck.o)
 .data          0x00800100        0x0 c:/programmieren/atmel studio_7.0/atmel studio_7.0/7.0/toolchain/avr8/avr8-gnu-toolchain/bin/../lib/gcc/avr/5.4.0/../../../../avr/lib/avr5\libc.a(strrev.o)
 *(.data*)
 *(.gnu.linkonce.d*)
 *(.rodata)
 *(.rodata*)
 *(.gnu.linkonce.r*)
                0x00800100                . = ALIGN (0x2)
                0x00800100                _edata = .
                [!provide]                PROVIDE (__data_end, .)

.bss            0x00800100        0xe
                0x00800100                PROVIDE (__bss_start, .)
 *(.bss)
 .bss           0x00800100        0x0 c:/programmieren/atmel studio_7.0/atmel studio_7.0/7.0/toolchain/avr8/avr8-gnu-toolchain/bin/../lib/gcc/avr/5.4.0/../../../../avr/lib/avr5/crtatmega32u4.o
 .bss           0x00800100        0x0 obj\Release\LCD1zeil.o
 .bss           0x00800100        0xe obj\Release\main.o
                0x00800100                drehzahll
                0x00800102                drehzahlr
                0x00800104                drehmessh
                0x00800105                timer0zeit
                0x00800107                timer0h
                0x00800109                dutyh
                0x0080010a                duty2
                0x0080010b                LCDduty2
                0x0080010c                duty1
                0x0080010d                LCDduty1
 .bss           0x0080010e        0x0 obj\Release\Motoransteuerung.o
 .bss           0x0080010e        0x0 c:/programmieren/atmel studio_7.0/atmel studio_7.0/7.0/toolchain/avr8/avr8-gnu-toolchain/bin/../lib/gcc/avr/5.4.0/avr5\libgcc.a(_divmodhi4.o)
 .bss           0x0080010e        0x0 c:/programmieren/atmel studio_7.0/atmel studio_7.0/7.0/toolchain/avr8/avr8-gnu-toolchain/bin/../lib/gcc/avr/5.4.0/avr5\libgcc.a(_exit.o)
 .bss           0x0080010e        0x0 c:/programmieren/atmel studio_7.0/atmel studio_7.0/7.0/toolchain/avr8/avr8-gnu-toolchain/bin/../lib/gcc/avr/5.4.0/avr5\libgcc.a(_clear_bss.o)
 .bss           0x0080010e        0x0 c:/programmieren/atmel studio_7.0/atmel studio_7.0/7.0/toolchain/avr8/avr8-gnu-toolchain/bin/../lib/gcc/avr/5.4.0/avr5\libgcc.a(_udivmodhi4.o)
 .bss           0x0080010e        0x0 c:/programmieren/atmel studio_7.0/atmel studio_7.0/7.0/toolchain/avr8/avr8-gnu-toolchain/bin/../lib/gcc/avr/5.4.0/../../../../avr/lib/avr5\libm.a(fixunssfsi.o)
 .bss           0x0080010e        0x0 c:/programmieren/atmel studio_7.0/atmel studio_7.0/7.0/toolchain/avr8/avr8-gnu-toolchain/bin/../lib/gcc/avr/5.4.0/../../../../avr/lib/avr5\libm.a(floatsisf.o)
 .bss           0x0080010e        0x0 c:/programmieren/atmel studio_7.0/atmel studio_7.0/7.0/toolchain/avr8/avr8-gnu-toolchain/bin/../lib/gcc/avr/5.4.0/../../../../avr/lib/avr5\libm.a(fp_split3.o)
 .bss           0x0080010e        0x0 c:/programmieren/atmel studio_7.0/atmel studio_7.0/7.0/toolchain/avr8/avr8-gnu-toolchain/bin/../lib/gcc/avr/5.4.0/../../../../avr/lib/avr5\libm.a(fp_zero.o)
 .bss           0x0080010e        0x0 c:/programmieren/atmel studio_7.0/atmel studio_7.0/7.0/toolchain/avr8/avr8-gnu-toolchain/bin/../lib/gcc/avr/5.4.0/../../../../avr/lib/avr5\libm.a(mulsf3.o)
 .bss           0x0080010e        0x0 c:/programmieren/atmel studio_7.0/atmel studio_7.0/7.0/toolchain/avr8/avr8-gnu-toolchain/bin/../lib/gcc/avr/5.4.0/../../../../avr/lib/avr5\libm.a(mulsf3x.o)
 .bss           0x0080010e        0x0 c:/programmieren/atmel studio_7.0/atmel studio_7.0/7.0/toolchain/avr8/avr8-gnu-toolchain/bin/../lib/gcc/avr/5.4.0/../../../../avr/lib/avr5\libm.a(fp_inf.o)
 .bss           0x0080010e        0x0 c:/programmieren/atmel studio_7.0/atmel studio_7.0/7.0/toolchain/avr8/avr8-gnu-toolchain/bin/../lib/gcc/avr/5.4.0/../../../../avr/lib/avr5\libm.a(fp_nan.o)
 .bss           0x0080010e        0x0 c:/programmieren/atmel studio_7.0/atmel studio_7.0/7.0/toolchain/avr8/avr8-gnu-toolchain/bin/../lib/gcc/avr/5.4.0/../../../../avr/lib/avr5\libm.a(fp_pscA.o)
 .bss           0x0080010e        0x0 c:/programmieren/atmel studio_7.0/atmel studio_7.0/7.0/toolchain/avr8/avr8-gnu-toolchain/bin/../lib/gcc/avr/5.4.0/../../../../avr/lib/avr5\libm.a(fp_pscB.o)
 .bss           0x0080010e        0x0 c:/programmieren/atmel studio_7.0/atmel studio_7.0/7.0/toolchain/avr8/avr8-gnu-toolchain/bin/../lib/gcc/avr/5.4.0/../../../../avr/lib/avr5\libm.a(fp_round.o)
 .bss           0x0080010e        0x0 c:/programmieren/atmel studio_7.0/atmel studio_7.0/7.0/toolchain/avr8/avr8-gnu-toolchain/bin/../lib/gcc/avr/5.4.0/../../../../avr/lib/avr5\libc.a(itoa_ncheck.o)
 .bss           0x0080010e        0x0 c:/programmieren/atmel studio_7.0/atmel studio_7.0/7.0/toolchain/avr8/avr8-gnu-toolchain/bin/../lib/gcc/avr/5.4.0/../../../../avr/lib/avr5\libc.a(utoa_ncheck.o)
 .bss           0x0080010e        0x0 c:/programmieren/atmel studio_7.0/atmel studio_7.0/7.0/toolchain/avr8/avr8-gnu-toolchain/bin/../lib/gcc/avr/5.4.0/../../../../avr/lib/avr5\libc.a(strrev.o)
 *(.bss*)
 *(COMMON)
                0x0080010e                PROVIDE (__bss_end, .)
                0x00000b08                __data_load_start = LOADADDR (.data)
                0x00000b08                __data_load_end = (__data_load_start + SIZEOF (.data))

.noinit         0x0080010e        0x0
                [!provide]                PROVIDE (__noinit_start, .)
 *(.noinit*)
                [!provide]                PROVIDE (__noinit_end, .)
                0x0080010e                _end = .
                [!provide]                PROVIDE (__heap_start, .)

.eeprom         0x00810000        0x0
 *(.eeprom*)
                0x00810000                __eeprom_end = .

.fuse
 *(.fuse)
 *(.lfuse)
 *(.hfuse)
 *(.efuse)

.lock
 *(.lock*)

.signature
 *(.signature*)

.user_signatures
 *(.user_signatures*)

.stab
 *(.stab)

.stabstr
 *(.stabstr)

.stab.excl
 *(.stab.excl)

.stab.exclstr
 *(.stab.exclstr)

.stab.index
 *(.stab.index)

.stab.indexstr
 *(.stab.indexstr)

.comment        0x00000000       0x30
 *(.comment)
 .comment       0x00000000       0x30 obj\Release\LCD1zeil.o
                                 0x31 (size before relaxing)
 .comment       0x00000030       0x31 obj\Release\main.o
 .comment       0x00000030       0x31 obj\Release\Motoransteuerung.o

.note.gnu.avr.deviceinfo
                0x00000000       0x40
 .note.gnu.avr.deviceinfo
                0x00000000       0x40 c:/programmieren/atmel studio_7.0/atmel studio_7.0/7.0/toolchain/avr8/avr8-gnu-toolchain/bin/../lib/gcc/avr/5.4.0/../../../../avr/lib/avr5/crtatmega32u4.o

.note.gnu.build-id
 *(.note.gnu.build-id)

.debug
 *(.debug)

.line
 *(.line)

.debug_srcinfo
 *(.debug_srcinfo)

.debug_sfnames
 *(.debug_sfnames)

.debug_aranges
 *(.debug_aranges)

.debug_pubnames
 *(.debug_pubnames)

.debug_info     0x00000000      0x9f4
 *(.debug_info .gnu.linkonce.wi.*)
 .debug_info    0x00000000      0x9f4 c:/programmieren/atmel studio_7.0/atmel studio_7.0/7.0/toolchain/avr8/avr8-gnu-toolchain/bin/../lib/gcc/avr/5.4.0/../../../../avr/lib/avr5/crtatmega32u4.o

.debug_abbrev   0x00000000      0x96a
 *(.debug_abbrev)
 .debug_abbrev  0x00000000      0x96a c:/programmieren/atmel studio_7.0/atmel studio_7.0/7.0/toolchain/avr8/avr8-gnu-toolchain/bin/../lib/gcc/avr/5.4.0/../../../../avr/lib/avr5/crtatmega32u4.o

.debug_line     0x00000000       0x1a
 *(.debug_line .debug_line.* .debug_line_end)
 .debug_line    0x00000000       0x1a c:/programmieren/atmel studio_7.0/atmel studio_7.0/7.0/toolchain/avr8/avr8-gnu-toolchain/bin/../lib/gcc/avr/5.4.0/../../../../avr/lib/avr5/crtatmega32u4.o

.debug_frame
 *(.debug_frame)

.debug_str      0x00000000      0x371
 *(.debug_str)
 .debug_str     0x00000000      0x371 c:/programmieren/atmel studio_7.0/atmel studio_7.0/7.0/toolchain/avr8/avr8-gnu-toolchain/bin/../lib/gcc/avr/5.4.0/../../../../avr/lib/avr5/crtatmega32u4.o

.debug_loc
 *(.debug_loc)

.debug_macinfo
 *(.debug_macinfo)

.debug_weaknames
 *(.debug_weaknames)

.debug_funcnames
 *(.debug_funcnames)

.debug_typenames
 *(.debug_typenames)

.debug_varnames
 *(.debug_varnames)

.debug_pubtypes
 *(.debug_pubtypes)

.debug_ranges
 *(.debug_ranges)

.debug_macro
 *(.debug_macro)
OUTPUT(bin\Release\Motoransteuerung.elf elf32-avr)
LOAD linker stubs

Cross Reference Table

Symbol                                            File
Enable                                            obj\Release\LCD1zeil.o
Enable2                                           obj\Release\LCD1zeil.o
Enable3                                           obj\Release\LCD1zeil.o
LCDAusgabe                                        obj\Release\Motoransteuerung.o
                                                  obj\Release\main.o
LCD_cmd                                           obj\Release\LCD1zeil.o
                                                  obj\Release\Motoransteuerung.o
LCD_init                                          obj\Release\LCD1zeil.o
                                                  obj\Release\Motoransteuerung.o
LCD_secCursor                                     obj\Release\LCD1zeil.o
LCD_send                                          obj\Release\LCD1zeil.o
LCD_string                                        obj\Release\LCD1zeil.o
                                                  obj\Release\Motoransteuerung.o
LCDduty1                                          obj\Release\main.o
LCDduty2                                          obj\Release\main.o
RechteDrehzahlmessung                             obj\Release\Motoransteuerung.o
__FUSE_REGION_LENGTH__                            c:/programmieren/atmel studio_7.0/atmel studio_7.0/7.0/toolchain/avr8/avr8-gnu-toolchain/bin/../lib/gcc/avr/5.4.0/../../../../avr/lib/avr5/crtatmega32u4.o
__bad_interrupt                                   c:/programmieren/atmel studio_7.0/atmel studio_7.0/7.0/toolchain/avr8/avr8-gnu-toolchain/bin/../lib/gcc/avr/5.4.0/../../../../avr/lib/avr5/crtatmega32u4.o
__bss_end                                         c:/programmieren/atmel studio_7.0/atmel studio_7.0/7.0/toolchain/avr8/avr8-gnu-toolchain/bin/../lib/gcc/avr/5.4.0/avr5\libgcc.a(_clear_bss.o)
__bss_start                                       c:/programmieren/atmel studio_7.0/atmel studio_7.0/7.0/toolchain/avr8/avr8-gnu-toolchain/bin/../lib/gcc/avr/5.4.0/avr5\libgcc.a(_clear_bss.o)
__divmodhi4                                       c:/programmieren/atmel studio_7.0/atmel studio_7.0/7.0/toolchain/avr8/avr8-gnu-toolchain/bin/../lib/gcc/avr/5.4.0/avr5\libgcc.a(_divmodhi4.o)
                                                  obj\Release\Motoransteuerung.o
__do_clear_bss                                    c:/programmieren/atmel studio_7.0/atmel studio_7.0/7.0/toolchain/avr8/avr8-gnu-toolchain/bin/../lib/gcc/avr/5.4.0/avr5\libgcc.a(_clear_bss.o)
                                                  obj\Release\main.o
__fixunssfsi                                      c:/programmieren/atmel studio_7.0/atmel studio_7.0/7.0/toolchain/avr8/avr8-gnu-toolchain/bin/../lib/gcc/avr/5.4.0/../../../../avr/lib/avr5\libm.a(fixunssfsi.o)
                                                  obj\Release\Motoransteuerung.o
__floatsisf                                       c:/programmieren/atmel studio_7.0/atmel studio_7.0/7.0/toolchain/avr8/avr8-gnu-toolchain/bin/../lib/gcc/avr/5.4.0/../../../../avr/lib/avr5\libm.a(floatsisf.o)
__floatunsisf                                     c:/programmieren/atmel studio_7.0/atmel studio_7.0/7.0/toolchain/avr8/avr8-gnu-toolchain/bin/../lib/gcc/avr/5.4.0/../../../../avr/lib/avr5\libm.a(floatsisf.o)
                                                  obj\Release\Motoransteuerung.o
__fp_inf                                          c:/programmieren/atmel studio_7.0/atmel studio_7.0/7.0/toolchain/avr8/avr8-gnu-toolchain/bin/../lib/gcc/avr/5.4.0/../../../../avr/lib/avr5\libm.a(fp_inf.o)
                                                  c:/programmieren/atmel studio_7.0/atmel studio_7.0/7.0/toolchain/avr8/avr8-gnu-toolchain/bin/../lib/gcc/avr/5.4.0/../../../../avr/lib/avr5\libm.a(mulsf3x.o)
__fp_nan                                          c:/programmieren/atmel studio_7.0/atmel studio_7.0/7.0/toolchain/avr8/avr8-gnu-toolchain/bin/../lib/gcc/avr/5.4.0/../../../../avr/lib/avr5\libm.a(fp_nan.o)
                                                  c:/programmieren/atmel studio_7.0/atmel studio_7.0/7.0/toolchain/avr8/avr8-gnu-toolchain/bin/../lib/gcc/avr/5.4.0/../../../../avr/lib/avr5\libm.a(mulsf3x.o)
__fp_pscA                                         c:/programmieren/atmel studio_7.0/atmel studio_7.0/7.0/toolchain/avr8/avr8-gnu-toolchain/bin/../lib/gcc/avr/5.4.0/../../../../avr/lib/avr5\libm.a(fp_pscA.o)
                                                  c:/programmieren/atmel studio_7.0/atmel studio_7.0/7.0/toolchain/avr8/avr8-gnu-toolchain/bin/../lib/gcc/avr/5.4.0/../../../../avr/lib/avr5\libm.a(mulsf3x.o)
__fp_pscB                                         c:/programmieren/atmel studio_7.0/atmel studio_7.0/7.0/toolchain/avr8/avr8-gnu-toolchain/bin/../lib/gcc/avr/5.4.0/../../../../avr/lib/avr5\libm.a(fp_pscB.o)
                                                  c:/programmieren/atmel studio_7.0/atmel studio_7.0/7.0/toolchain/avr8/avr8-gnu-toolchain/bin/../lib/gcc/avr/5.4.0/../../../../avr/lib/avr5\libm.a(mulsf3x.o)
__fp_round                                        c:/programmieren/atmel studio_7.0/atmel studio_7.0/7.0/toolchain/avr8/avr8-gnu-toolchain/bin/../lib/gcc/avr/5.4.0/../../../../avr/lib/avr5\libm.a(fp_round.o)
                                                  c:/programmieren/atmel studio_7.0/atmel studio_7.0/7.0/toolchain/avr8/avr8-gnu-toolchain/bin/../lib/gcc/avr/5.4.0/../../../../avr/lib/avr5\libm.a(mulsf3.o)
__fp_split3                                       c:/programmieren/atmel studio_7.0/atmel studio_7.0/7.0/toolchain/avr8/avr8-gnu-toolchain/bin/../lib/gcc/avr/5.4.0/../../../../avr/lib/avr5\libm.a(fp_split3.o)
                                                  c:/programmieren/atmel studio_7.0/atmel studio_7.0/7.0/toolchain/avr8/avr8-gnu-toolchain/bin/../lib/gcc/avr/5.4.0/../../../../avr/lib/avr5\libm.a(mulsf3x.o)
__fp_splitA                                       c:/programmieren/atmel studio_7.0/atmel studio_7.0/7.0/toolchain/avr8/avr8-gnu-toolchain/bin/../lib/gcc/avr/5.4.0/../../../../avr/lib/avr5\libm.a(fp_split3.o)
                                                  c:/programmieren/atmel studio_7.0/atmel studio_7.0/7.0/toolchain/avr8/avr8-gnu-toolchain/bin/../lib/gcc/avr/5.4.0/../../../../avr/lib/avr5\libm.a(fixunssfsi.o)
__fp_szero                                        c:/programmieren/atmel studio_7.0/atmel studio_7.0/7.0/toolchain/avr8/avr8-gnu-toolchain/bin/../lib/gcc/avr/5.4.0/../../../../avr/lib/avr5\libm.a(fp_zero.o)
                                                  c:/programmieren/atmel studio_7.0/atmel studio_7.0/7.0/toolchain/avr8/avr8-gnu-toolchain/bin/../lib/gcc/avr/5.4.0/../../../../avr/lib/avr5\libm.a(mulsf3x.o)
__fp_zero                                         c:/programmieren/atmel studio_7.0/atmel studio_7.0/7.0/toolchain/avr8/avr8-gnu-toolchain/bin/../lib/gcc/avr/5.4.0/../../../../avr/lib/avr5\libm.a(fp_zero.o)
                                                  c:/programmieren/atmel studio_7.0/atmel studio_7.0/7.0/toolchain/avr8/avr8-gnu-toolchain/bin/../lib/gcc/avr/5.4.0/../../../../avr/lib/avr5\libm.a(fixunssfsi.o)
__heap_end                                        c:/programmieren/atmel studio_7.0/atmel studio_7.0/7.0/toolchain/avr8/avr8-gnu-toolchain/bin/../lib/gcc/avr/5.4.0/../../../../avr/lib/avr5/crtatmega32u4.o
__init                                            c:/programmieren/atmel studio_7.0/atmel studio_7.0/7.0/toolchain/avr8/avr8-gnu-toolchain/bin/../lib/gcc/avr/5.4.0/../../../../avr/lib/avr5/crtatmega32u4.o
__itoa_ncheck                                     c:/programmieren/atmel studio_7.0/atmel studio_7.0/7.0/toolchain/avr8/avr8-gnu-toolchain/bin/../lib/gcc/avr/5.4.0/../../../../avr/lib/avr5\libc.a(itoa_ncheck.o)
                                                  obj\Release\Motoransteuerung.o
__mulsf3                                          c:/programmieren/atmel studio_7.0/atmel studio_7.0/7.0/toolchain/avr8/avr8-gnu-toolchain/bin/../lib/gcc/avr/5.4.0/../../../../avr/lib/avr5\libm.a(mulsf3.o)
                                                  obj\Release\Motoransteuerung.o
__mulsf3_pse                                      c:/programmieren/atmel studio_7.0/atmel studio_7.0/7.0/toolchain/avr8/avr8-gnu-toolchain/bin/../lib/gcc/avr/5.4.0/../../../../avr/lib/avr5\libm.a(mulsf3x.o)
__mulsf3x                                         c:/programmieren/atmel studio_7.0/atmel studio_7.0/7.0/toolchain/avr8/avr8-gnu-toolchain/bin/../lib/gcc/avr/5.4.0/../../../../avr/lib/avr5\libm.a(mulsf3x.o)
                                                  c:/programmieren/atmel studio_7.0/atmel studio_7.0/7.0/toolchain/avr8/avr8-gnu-toolchain/bin/../lib/gcc/avr/5.4.0/../../../../avr/lib/avr5\libm.a(mulsf3.o)
__stack                                           c:/programmieren/atmel studio_7.0/atmel studio_7.0/7.0/toolchain/avr8/avr8-gnu-toolchain/bin/../lib/gcc/avr/5.4.0/../../../../avr/lib/avr5/crtatmega32u4.o
__udivmodhi4                                      c:/programmieren/atmel studio_7.0/atmel studio_7.0/7.0/toolchain/avr8/avr8-gnu-toolchain/bin/../lib/gcc/avr/5.4.0/avr5\libgcc.a(_udivmodhi4.o)
                                                  c:/programmieren/atmel studio_7.0/atmel studio_7.0/7.0/toolchain/avr8/avr8-gnu-toolchain/bin/../lib/gcc/avr/5.4.0/avr5\libgcc.a(_divmodhi4.o)
__utoa_common                                     c:/programmieren/atmel studio_7.0/atmel studio_7.0/7.0/toolchain/avr8/avr8-gnu-toolchain/bin/../lib/gcc/avr/5.4.0/../../../../avr/lib/avr5\libc.a(utoa_ncheck.o)
                                                  c:/programmieren/atmel studio_7.0/atmel studio_7.0/7.0/toolchain/avr8/avr8-gnu-toolchain/bin/../lib/gcc/avr/5.4.0/../../../../avr/lib/avr5\libc.a(itoa_ncheck.o)
__utoa_ncheck                                     c:/programmieren/atmel studio_7.0/atmel studio_7.0/7.0/toolchain/avr8/avr8-gnu-toolchain/bin/../lib/gcc/avr/5.4.0/../../../../avr/lib/avr5\libc.a(utoa_ncheck.o)
__vector_1                                        obj\Release\main.o
                                                  c:/programmieren/atmel studio_7.0/atmel studio_7.0/7.0/toolchain/avr8/avr8-gnu-toolchain/bin/../lib/gcc/avr/5.4.0/../../../../avr/lib/avr5/crtatmega32u4.o
__vector_10                                       c:/programmieren/atmel studio_7.0/atmel studio_7.0/7.0/toolchain/avr8/avr8-gnu-toolchain/bin/../lib/gcc/avr/5.4.0/../../../../avr/lib/avr5/crtatmega32u4.o
__vector_11                                       c:/programmieren/atmel studio_7.0/atmel studio_7.0/7.0/toolchain/avr8/avr8-gnu-toolchain/bin/../lib/gcc/avr/5.4.0/../../../../avr/lib/avr5/crtatmega32u4.o
__vector_12                                       c:/programmieren/atmel studio_7.0/atmel studio_7.0/7.0/toolchain/avr8/avr8-gnu-toolchain/bin/../lib/gcc/avr/5.4.0/../../../../avr/lib/avr5/crtatmega32u4.o
__vector_13                                       c:/programmieren/atmel studio_7.0/atmel studio_7.0/7.0/toolchain/avr8/avr8-gnu-toolchain/bin/../lib/gcc/avr/5.4.0/../../../../avr/lib/avr5/crtatmega32u4.o
__vector_14                                       c:/programmieren/atmel studio_7.0/atmel studio_7.0/7.0/toolchain/avr8/avr8-gnu-toolchain/bin/../lib/gcc/avr/5.4.0/../../../../avr/lib/avr5/crtatmega32u4.o
__vector_15                                       c:/programmieren/atmel studio_7.0/atmel studio_7.0/7.0/toolchain/avr8/avr8-gnu-toolchain/bin/../lib/gcc/avr/5.4.0/../../../../avr/lib/avr5/crtatmega32u4.o
__vector_16                                       c:/programmieren/atmel studio_7.0/atmel studio_7.0/7.0/toolchain/avr8/avr8-gnu-toolchain/bin/../lib/gcc/avr/5.4.0/../../../../avr/lib/avr5/crtatmega32u4.o
__vector_17                                       c:/programmieren/atmel studio_7.0/atmel studio_7.0/7.0/toolchain/avr8/avr8-gnu-toolchain/bin/../lib/gcc/avr/5.4.0/../../../../avr/lib/avr5/crtatmega32u4.o
__vector_18                                       c:/programmieren/atmel studio_7.0/atmel studio_7.0/7.0/toolchain/avr8/avr8-gnu-toolchain/bin/../lib/gcc/avr/5.4.0/../../../../avr/lib/avr5/crtatmega32u4.o
__vector_19                                       c:/programmieren/atmel studio_7.0/atmel studio_7.0/7.0/toolchain/avr8/avr8-gnu-toolchain/bin/../lib/gcc/avr/5.4.0/../../../../avr/lib/avr5/crtatmega32u4.o
__vector_2                                        obj\Release\main.o
                                                  c:/programmieren/atmel studio_7.0/atmel studio_7.0/7.0/toolchain/avr8/avr8-gnu-toolchain/bin/../lib/gcc/avr/5.4.0/../../../../avr/lib/avr5/crtatmega32u4.o
__vector_20                                       c:/programmieren/atmel studio_7.0/atmel studio_7.0/7.0/toolchain/avr8/avr8-gnu-toolchain/bin/../lib/gcc/avr/5.4.0/../../../../avr/lib/avr5/crtatmega32u4.o
__vector_21                                       c:/programmieren/atmel studio_7.0/atmel studio_7.0/7.0/toolchain/avr8/avr8-gnu-toolchain/bin/../lib/gcc/avr/5.4.0/../../../../avr/lib/avr5/crtatmega32u4.o
__vector_22                                       c:/programmieren/atmel studio_7.0/atmel studio_7.0/7.0/toolchain/avr8/avr8-gnu-toolchain/bin/../lib/gcc/avr/5.4.0/../../../../avr/lib/avr5/crtatmega32u4.o
__vector_23                                       obj\Release\main.o
                                                  c:/programmieren/atmel studio_7.0/atmel studio_7.0/7.0/toolchain/avr8/avr8-gnu-toolchain/bin/../lib/gcc/avr/5.4.0/../../../../avr/lib/avr5/crtatmega32u4.o
__vector_24                                       c:/programmieren/atmel studio_7.0/atmel studio_7.0/7.0/toolchain/avr8/avr8-gnu-toolchain/bin/../lib/gcc/avr/5.4.0/../../../../avr/lib/avr5/crtatmega32u4.o
__vector_25                                       c:/programmieren/atmel studio_7.0/atmel studio_7.0/7.0/toolchain/avr8/avr8-gnu-toolchain/bin/../lib/gcc/avr/5.4.0/../../../../avr/lib/avr5/crtatmega32u4.o
__vector_26                                       c:/programmieren/atmel studio_7.0/atmel studio_7.0/7.0/toolchain/avr8/avr8-gnu-toolchain/bin/../lib/gcc/avr/5.4.0/../../../../avr/lib/avr5/crtatmega32u4.o
__vector_27                                       c:/programmieren/atmel studio_7.0/atmel studio_7.0/7.0/toolchain/avr8/avr8-gnu-toolchain/bin/../lib/gcc/avr/5.4.0/../../../../avr/lib/avr5/crtatmega32u4.o
__vector_28                                       c:/programmieren/atmel studio_7.0/atmel studio_7.0/7.0/toolchain/avr8/avr8-gnu-toolchain/bin/../lib/gcc/avr/5.4.0/../../../../avr/lib/avr5/crtatmega32u4.o
__vector_29                                       c:/programmieren/atmel studio_7.0/atmel studio_7.0/7.0/toolchain/avr8/avr8-gnu-toolchain/bin/../lib/gcc/avr/5.4.0/../../../../avr/lib/avr5/crtatmega32u4.o
__vector_3                                        obj\Release\main.o
                                                  c:/programmieren/atmel studio_7.0/atmel studio_7.0/7.0/toolchain/avr8/avr8-gnu-toolchain/bin/../lib/gcc/avr/5.4.0/../../../../avr/lib/avr5/crtatmega32u4.o
__vector_30                                       c:/programmieren/atmel studio_7.0/atmel studio_7.0/7.0/toolchain/avr8/avr8-gnu-toolchain/bin/../lib/gcc/avr/5.4.0/../../../../avr/lib/avr5/crtatmega32u4.o
__vector_31                                       c:/programmieren/atmel studio_7.0/atmel studio_7.0/7.0/toolchain/avr8/avr8-gnu-toolchain/bin/../lib/gcc/avr/5.4.0/../../../../avr/lib/avr5/crtatmega32u4.o
__vector_32                                       c:/programmieren/atmel studio_7.0/atmel studio_7.0/7.0/toolchain/avr8/avr8-gnu-toolchain/bin/../lib/gcc/avr/5.4.0/../../../../avr/lib/avr5/crtatmega32u4.o
__vector_33                                       c:/programmieren/atmel studio_7.0/atmel studio_7.0/7.0/toolchain/avr8/avr8-gnu-toolchain/bin/../lib/gcc/avr/5.4.0/../../../../avr/lib/avr5/crtatmega32u4.o
__vector_34                                       c:/programmieren/atmel studio_7.0/atmel studio_7.0/7.0/toolchain/avr8/avr8-gnu-toolchain/bin/../lib/gcc/avr/5.4.0/../../../../avr/lib/avr5/crtatmega32u4.o
__vector_35                                       c:/programmieren/atmel studio_7.0/atmel studio_7.0/7.0/toolchain/avr8/avr8-gnu-toolchain/bin/../lib/gcc/avr/5.4.0/../../../../avr/lib/avr5/crtatmega32u4.o
__vector_36                                       c:/programmieren/atmel studio_7.0/atmel studio_7.0/7.0/toolchain/avr8/avr8-gnu-toolchain/bin/../lib/gcc/avr/5.4.0/../../../../avr/lib/avr5/crtatmega32u4.o
__vector_37                                       c:/programmieren/atmel studio_7.0/atmel studio_7.0/7.0/toolchain/avr8/avr8-gnu-toolchain/bin/../lib/gcc/avr/5.4.0/../../../../avr/lib/avr5/crtatmega32u4.o
__vector_38                                       c:/programmieren/atmel studio_7.0/atmel studio_7.0/7.0/toolchain/avr8/avr8-gnu-toolchain/bin/../lib/gcc/avr/5.4.0/../../../../avr/lib/avr5/crtatmega32u4.o
__vector_39                                       c:/programmieren/atmel studio_7.0/atmel studio_7.0/7.0/toolchain/avr8/avr8-gnu-toolchain/bin/../lib/gcc/avr/5.4.0/../../../../avr/lib/avr5/crtatmega32u4.o
__vector_4                                        obj\Release\main.o
                                                  c:/programmieren/atmel studio_7.0/atmel studio_7.0/7.0/toolchain/avr8/avr8-gnu-toolchain/bin/../lib/gcc/avr/5.4.0/../../../../avr/lib/avr5/crtatmega32u4.o
__vector_40                                       c:/programmieren/atmel studio_7.0/atmel studio_7.0/7.0/toolchain/avr8/avr8-gnu-toolchain/bin/../lib/gcc/avr/5.4.0/../../../../avr/lib/avr5/crtatmega32u4.o
__vector_41                                       c:/programmieren/atmel studio_7.0/atmel studio_7.0/7.0/toolchain/avr8/avr8-gnu-toolchain/bin/../lib/gcc/avr/5.4.0/../../../../avr/lib/avr5/crtatmega32u4.o
__vector_42                                       obj\Release\main.o
                                                  c:/programmieren/atmel studio_7.0/atmel studio_7.0/7.0/toolchain/avr8/avr8-gnu-toolchain/bin/../lib/gcc/avr/5.4.0/../../../../avr/lib/avr5/crtatmega32u4.o
__vector_5                                        c:/programmieren/atmel studio_7.0/atmel studio_7.0/7.0/toolchain/avr8/avr8-gnu-toolchain/bin/../lib/gcc/avr/5.4.0/../../../../avr/lib/avr5/crtatmega32u4.o
__vector_6                                        c:/programmieren/atmel studio_7.0/atmel studio_7.0/7.0/toolchain/avr8/avr8-gnu-toolchain/bin/../lib/gcc/avr/5.4.0/../../../../avr/lib/avr5/crtatmega32u4.o
__vector_7                                        c:/programmieren/atmel studio_7.0/atmel studio_7.0/7.0/toolchain/avr8/avr8-gnu-toolchain/bin/../lib/gcc/avr/5.4.0/../../../../avr/lib/avr5/crtatmega32u4.o
__vector_8                                        c:/programmieren/atmel studio_7.0/atmel studio_7.0/7.0/toolchain/avr8/avr8-gnu-toolchain/bin/../lib/gcc/avr/5.4.0/../../../../avr/lib/avr5/crtatmega32u4.o
__vector_9                                        c:/programmieren/atmel studio_7.0/atmel studio_7.0/7.0/toolchain/avr8/avr8-gnu-toolchain/bin/../lib/gcc/avr/5.4.0/../../../../avr/lib/avr5/crtatmega32u4.o
__vector_default                                  c:/programmieren/atmel studio_7.0/atmel studio_7.0/7.0/toolchain/avr8/avr8-gnu-toolchain/bin/../lib/gcc/avr/5.4.0/../../../../avr/lib/avr5/crtatmega32u4.o
__vectors                                         c:/programmieren/atmel studio_7.0/atmel studio_7.0/7.0/toolchain/avr8/avr8-gnu-toolchain/bin/../lib/gcc/avr/5.4.0/../../../../avr/lib/avr5/crtatmega32u4.o
_div                                              c:/programmieren/atmel studio_7.0/atmel studio_7.0/7.0/toolchain/avr8/avr8-gnu-toolchain/bin/../lib/gcc/avr/5.4.0/avr5\libgcc.a(_divmodhi4.o)
_exit                                             c:/programmieren/atmel studio_7.0/atmel studio_7.0/7.0/toolchain/avr8/avr8-gnu-toolchain/bin/../lib/gcc/avr/5.4.0/avr5\libgcc.a(_exit.o)
allinit                                           obj\Release\Motoransteuerung.o
                                                  obj\Release\main.o
delay_ms                                          obj\Release\LCD1zeil.o
drehmessh                                         obj\Release\main.o
drehzahll                                         obj\Release\main.o
drehzahlr                                         obj\Release\main.o
duty1                                             obj\Release\main.o
duty2                                             obj\Release\main.o
dutyh                                             obj\Release\main.o
exit                                              c:/programmieren/atmel studio_7.0/atmel studio_7.0/7.0/toolchain/avr8/avr8-gnu-toolchain/bin/../lib/gcc/avr/5.4.0/avr5\libgcc.a(_exit.o)
                                                  c:/programmieren/atmel studio_7.0/atmel studio_7.0/7.0/toolchain/avr8/avr8-gnu-toolchain/bin/../lib/gcc/avr/5.4.0/../../../../avr/lib/avr5/crtatmega32u4.o
main                                              obj\Release\main.o
                                                  c:/programmieren/atmel studio_7.0/atmel studio_7.0/7.0/toolchain/avr8/avr8-gnu-toolchain/bin/../lib/gcc/avr/5.4.0/../../../../avr/lib/avr5/crtatmega32u4.o
strrev                                            c:/programmieren/atmel studio_7.0/atmel studio_7.0/7.0/toolchain/avr8/avr8-gnu-toolchain/bin/../lib/gcc/avr/5.4.0/../../../../avr/lib/avr5\libc.a(strrev.o)
                                                  c:/programmieren/atmel studio_7.0/atmel studio_7.0/7.0/toolchain/avr8/avr8-gnu-toolchain/bin/../lib/gcc/avr/5.4.0/../../../../avr/lib/avr5\libc.a(utoa_ncheck.o)
timer0h                                           obj\Release\main.o
timer0zeit                                        obj\Release\main.o
